Processing: /pnfs/usatlas.bnl.gov/LOCALGROUPDISK/rucio/mc15_13TeV/69/02/DAOD_TRUTH3.10603598._000004.pool.root.1 ...
Filename = DAOD_TRUTH3.10603598._000004.pool.root.1
Warning!! invalid input argument=/pnfs/usatlas.bnl.gov/LOCALGROUPDISK/rucio/mc15_13TeV/69/02/DAOD_TRUTH3.10603598._000004.pool.root.1
Usage: rcSetup [options] project,[asgType,]release,[,configs]

       where project/release/configs are delimited by "," or space:
          projName           # project choice, such as "Base"
          asgType            # type of asg release, such as "private","1.0.X"
          64 | 32            # 64-bit (x86_64) or 32-bit (i686)
          slc5 | slc6        # using slc5 or slc6
          opt | dbg          # using opt or dbg version of ASG releas
          gcc43 | gcc46 | gcc47  # in format gcc* set gcc version

The default configuration can be overridden by defining env var "rcSetupSite".


Options:
  -h, --help            show this help message and exit
  -d                    Download source code of a release, try '-d -h' for
                        usage
  -b, --buildRelease    Download & build release under current directory, try
                        '-b -h' for usage
  -q, --quiet           Be quiet, only print required information
  -V, --version         Print rcSetup version
  -r, --releases        Print available releases
  -c, --printConfigs    Print available config(s) for given project/release
  -R, --printRootVer    Print ROOT version for a given release
  -M, --printMyRelease  Print the currently used release number
  -P, --ProofInitCmd    Set up analysis release on Proof (excluding ProofLite)
  --listPackages        Print a list of packages for a given release
  -f, --findPackages    Automatic running 'rc find_packages' in this setup
  -u, --unSetup         unSet currently existing ASG environment
Running on file: /pnfs/usatlas.bnl.gov/LOCALGROUPDISK/rucio/mc15_13TeV/69/02/DAOD_TRUTH3.10603598._000004.pool.root.1
xAOD::Init                INFO    Environment initialised for data access
MCWeightIndex = 0
Analyses to run: tH2017 
Files to analyze: /pnfs/usatlas.bnl.gov/LOCALGROUPDISK/rucio/mc15_13TeV/69/02/DAOD_TRUTH3.10603598._000004.pool.root.1 
Output split per analysis
Reading xAOD input
Now reading: /pnfs/usatlas.bnl.gov/LOCALGROUPDISK/rucio/mc15_13TeV/69/02/DAOD_TRUTH3.10603598._000004.pool.root.1
at: 0
at: 10000
at: 20000
at: 30000
at: 40000
at: 50000
at: 60000
at: 70000
at: 80000
at: 90000
at: 100000
at: 110000
at: 120000
at: 130000
at: 140000
at: 150000
at: 160000
at: 170000
at: 180000
at: 190000
at: 200000
at: 210000
at: 220000
at: 230000
at: 240000
at: 250000
at: 260000
at: 270000
at: 280000
at: 290000
at: 300000
at: 310000
at: 320000
at: 330000
at: 340000
at: 350000
at: 360000
at: 370000
at: 380000
at: 390000
at: 400000
at: 410000
at: 420000
at: 430000
at: 440000
at: 450000
at: 460000
at: 470000
at: 480000
at: 490000
at: 500000
at: 510000
at: 520000
at: 530000
at: 540000
at: 550000
at: 560000
at: 570000
at: 580000
at: 590000
at: 600000
at: 610000
at: 620000
at: 630000
at: 640000
at: 650000
at: 660000
at: 670000
at: 680000
at: 690000
at: 700000
at: 710000
at: 720000
at: 730000
at: 740000
at: 750000
at: 760000
at: 770000
at: 780000
at: 790000
at: 800000
at: 810000
at: 820000
at: 830000
at: 840000
at: 850000
at: 860000
at: 870000
at: 880000
at: 890000
at: 900000
at: 910000
at: 920000
at: 930000
at: 940000
at: 950000
at: 960000
at: 970000
at: 980000
at: 990000
at: 1000000
at: 1010000
at: 1020000
at: 1030000
at: 1040000
at: 1050000
at: 1060000
at: 1070000
at: 1080000
at: 1090000
at: 1100000
at: 1110000
at: 1120000
at: 1130000
at: 1140000
at: 1150000
at: 1160000
at: 1170000
at: 1180000
at: 1190000
at: 1200000
at: 1210000
at: 1220000
at: 1230000
at: 1240000
at: 1250000
at: 1260000
at: 1270000
at: 1280000
at: 1290000
at: 1300000
at: 1310000
at: 1320000
at: 1330000
at: 1340000
xAOD::TFileAccessTracer   INFO    Sending file access statistics to http://rucio-lb-prod.cern.ch:18762/traces/
DAOD_TRUTH3.10603598._000004.pool.root.1
tH2017.root
tH2017.txt
